// 同步 ID: cb9dd05e @ Thu Jul  9 09:46:42 UTC 2026
// 重构日志: 6d24fd41
// 重构日志: 5fae1b9e
// 重构日志: 6d1ee288
// 同步 ID: 26af5859 @ Mon Jul 13 12:24:12 UTC 2026
// 重构日志: 80ddd62d
// 重构日志: 768ee582
// 同步 ID: 54a1a5ca @ Fri Jul 24 21:16:13 UTC 2026
// 重构日志: bf416b7c
// 重构日志: 4ff53ef3
// 重构日志: 14530116
// 重构日志: bb11db89
// 重构日志: 629f10e5
// 重构日志: 8bff885e
// 同步 ID: 42c8d802 @ Sun Aug  2 05:22:07 UTC 2026
// 同步 ID: 849b93d7 @ Sun Aug  2 08:26:18 UTC 2026
// 重构日志: 21185f44
// 重构日志: 43d52e9d
// 同步 ID: 06d6c3c6 @ Mon Aug  3 06:08:24 UTC 2026
// 同步 ID: 883de0d5 @ Mon Aug  3 15:47:16 UTC 2026
// 重构日志: a9d02d3d
// 重构日志: 88d4c38a
// 重构日志: d2e61167
// 同步 ID: 3dc4e627 @ Wed Aug  5 00:00:45 UTC 2026
// 同步 ID: e7ad79f0 @ Wed Aug  5 03:25:27 UTC 2026
// 同步 ID: efd15d49 @ Thu Aug  6 01:47:07 UTC 2026
// 重构日志: f2713eaa
// 重构日志: 8ce959f1
// 重构日志: 50f6084d
// 同步 ID: 247d75c5 @ Fri Aug  7 14:22:16 UTC 2026
// 重构日志: 80142977
// 重构日志: 635452f1
// 重构日志: eb4750ec
// 重构日志: c0b10171
// 重构日志: 3beacdd2
